<<<<<<< HEAD
This is pdfTeX, Version 3.141592653-2.6-1.40.28 (TeX Live 2025) (preloaded format=pdflatex 2025.9.23)  6 DEC 2025 18:58
=======
This is pdfTeX, Version 3.141592653-2.6-1.40.28 (TeX Live 2025) (preloaded format=pdflatex 2025.11.8)  6 DEC 2025 18:57
>>>>>>> 139122043fbd0253721321c9a9a158da4f7a89b8
entering extended mode
 restricted \write18 enabled.
 %&-line parsing enabled.
**TextDoc.tex
(./TextDoc.tex
<<<<<<< HEAD
LaTeX2e <2025-06-01> patch level 1
L3 programming layer <2025-09-02>
(c:/ProgramData/TinyTeX/texmf-dist/tex/latex/base/article.cls
Document Class: article 2025/01/22 v1.4n Standard LaTeX document class
(c:/ProgramData/TinyTeX/texmf-dist/tex/latex/base/size10.clo
=======
LaTeX2e <2025-11-01>
L3 programming layer <2025-10-24>
(c:/Users/vande/AppData/Roaming/TinyTeX/texmf-dist/tex/latex/base/article.cls
Document Class: article 2025/01/22 v1.4n Standard LaTeX document class
(c:/Users/vande/AppData/Roaming/TinyTeX/texmf-dist/tex/latex/base/size10.clo
>>>>>>> 139122043fbd0253721321c9a9a158da4f7a89b8
File: size10.clo 2025/01/22 v1.4n Standard LaTeX file (size option)
)
\c@part=\count275
\c@section=\count276
\c@subsection=\count277
\c@subsubsection=\count278
\c@paragraph=\count279
\c@subparagraph=\count280
\c@figure=\count281
\c@table=\count282
\abovecaptionskip=\skip49
\belowcaptionskip=\skip50
\bibindent=\dimen148
<<<<<<< HEAD
) (c:/ProgramData/TinyTeX/texmf-dist/tex/latex/amsmath/amsmath.sty
Package: amsmath 2025/06/16 v2.17y AMS math features
\@mathmargin=\skip51
For additional information on amsmath, use the `?' option.
(c:/ProgramData/TinyTeX/texmf-dist/tex/latex/amsmath/amstext.sty
Package: amstext 2024/11/17 v2.01 AMS text
(c:/ProgramData/TinyTeX/texmf-dist/tex/latex/amsmath/amsgen.sty
File: amsgen.sty 1999/11/30 v2.0 generic functions
\@emptytoks=\toks17
\ex@=\dimen149
)) (c:/ProgramData/TinyTeX/texmf-dist/tex/latex/amsmath/amsbsy.sty
Package: amsbsy 1999/11/29 v1.2d Bold Symbols
\pmbraise@=\dimen150
) (c:/ProgramData/TinyTeX/texmf-dist/tex/latex/amsmath/amsopn.sty
Package: amsopn 2022/04/08 v2.04 operator names
)
\inf@bad=\count283
LaTeX Info: Redefining \frac on input line 233.
\uproot@=\count284
\leftroot@=\count285
LaTeX Info: Redefining \overline on input line 398.
LaTeX Info: Redefining \colon on input line 409.
\classnum@=\count286
\DOTSCASE@=\count287
=======
) (c:/Users/vande/AppData/Roaming/TinyTeX/texmf-dist/tex/latex/xcolor/xcolor.sty
Package: xcolor 2024/09/29 v3.02 LaTeX color extensions (UK)
(c:/Users/vande/AppData/Roaming/TinyTeX/texmf-dist/tex/latex/graphics-cfg/color.cfg
File: color.cfg 2016/01/02 v1.6 sample color configuration
)
Package xcolor Info: Driver file: pdftex.def on input line 274.
(c:/Users/vande/AppData/Roaming/TinyTeX/texmf-dist/tex/latex/graphics-def/pdftex.def
File: pdftex.def 2025/09/29 v1.2d Graphics/color driver for pdftex
) (c:/Users/vande/AppData/Roaming/TinyTeX/texmf-dist/tex/latex/graphics/mathcolor.ltx)
Package xcolor Info: Model `cmy' substituted by `cmy0' on input line 1349.
Package xcolor Info: Model `hsb' substituted by `rgb' on input line 1353.
Package xcolor Info: Model `RGB' extended on input line 1365.
Package xcolor Info: Model `HTML' substituted by `rgb' on input line 1367.
Package xcolor Info: Model `Hsb' substituted by `hsb' on input line 1368.
Package xcolor Info: Model `tHsb' substituted by `hsb' on input line 1369.
Package xcolor Info: Model `HSB' substituted by `hsb' on input line 1370.
Package xcolor Info: Model `Gray' substituted by `gray' on input line 1371.
Package xcolor Info: Model `wave' substituted by `hsb' on input line 1372.
) (c:/Users/vande/AppData/Roaming/TinyTeX/texmf-dist/tex/latex/geometry/geometry.sty
Package: geometry 2020/01/02 v5.9 Page Geometry
(c:/Users/vande/AppData/Roaming/TinyTeX/texmf-dist/tex/latex/graphics/keyval.sty
Package: keyval 2022/05/29 v1.15 key=value parser (DPC)
\KV@toks@=\toks17
) (c:/Users/vande/AppData/Roaming/TinyTeX/texmf-dist/tex/generic/iftex/ifvtex.sty
Package: ifvtex 2019/10/25 v1.7 ifvtex legacy package. Use iftex instead.
(c:/Users/vande/AppData/Roaming/TinyTeX/texmf-dist/tex/generic/iftex/iftex.sty
Package: iftex 2024/12/12 v1.0g TeX engine tests
))
\Gm@cnth=\count283
\Gm@cntv=\count284
\c@Gm@tempcnt=\count285
\Gm@bindingoffset=\dimen149
\Gm@wd@mp=\dimen150
\Gm@odd@mp=\dimen151
\Gm@even@mp=\dimen152
\Gm@layoutwidth=\dimen153
\Gm@layoutheight=\dimen154
\Gm@layouthoffset=\dimen155
\Gm@layoutvoffset=\dimen156
\Gm@dimlist=\toks18
) (c:/Users/vande/AppData/Roaming/TinyTeX/texmf-dist/tex/latex/amsmath/amsmath.sty
Package: amsmath 2025/07/09 v2.17z AMS math features
\@mathmargin=\skip51
For additional information on amsmath, use the `?' option.
(c:/Users/vande/AppData/Roaming/TinyTeX/texmf-dist/tex/latex/amsmath/amstext.sty
Package: amstext 2024/11/17 v2.01 AMS text
(c:/Users/vande/AppData/Roaming/TinyTeX/texmf-dist/tex/latex/amsmath/amsgen.sty
File: amsgen.sty 1999/11/30 v2.0 generic functions
\@emptytoks=\toks19
\ex@=\dimen157
)) (c:/Users/vande/AppData/Roaming/TinyTeX/texmf-dist/tex/latex/amsmath/amsbsy.sty
Package: amsbsy 1999/11/29 v1.2d Bold Symbols
\pmbraise@=\dimen158
) (c:/Users/vande/AppData/Roaming/TinyTeX/texmf-dist/tex/latex/amsmath/amsopn.sty
Package: amsopn 2022/04/08 v2.04 operator names
)
\inf@bad=\count286
LaTeX Info: Redefining \frac on input line 233.
\uproot@=\count287
\leftroot@=\count288
LaTeX Info: Redefining \overline on input line 398.
LaTeX Info: Redefining \colon on input line 409.
\classnum@=\count289
\DOTSCASE@=\count290
>>>>>>> 139122043fbd0253721321c9a9a158da4f7a89b8
LaTeX Info: Redefining \ldots on input line 495.
LaTeX Info: Redefining \dots on input line 498.
LaTeX Info: Redefining \cdots on input line 619.
\Mathstrutbox@=\box53
\strutbox@=\box54
LaTeX Info: Redefining \big on input line 721.
LaTeX Info: Redefining \Big on input line 722.
LaTeX Info: Redefining \bigg on input line 723.
LaTeX Info: Redefining \Bigg on input line 724.
<<<<<<< HEAD
\big@size=\dimen151
LaTeX Font Info:    Redeclaring font encoding OML on input line 742.
LaTeX Font Info:    Redeclaring font encoding OMS on input line 743.
\macc@depth=\count288
=======
\big@size=\dimen159
LaTeX Font Info:    Redeclaring font encoding OML on input line 742.
LaTeX Font Info:    Redeclaring font encoding OMS on input line 743.
\macc@depth=\count291
>>>>>>> 139122043fbd0253721321c9a9a158da4f7a89b8
LaTeX Info: Redefining \bmod on input line 904.
LaTeX Info: Redefining \pmod on input line 909.
LaTeX Info: Redefining \smash on input line 939.
LaTeX Info: Redefining \relbar on input line 969.
LaTeX Info: Redefining \Relbar on input line 970.
<<<<<<< HEAD
\c@MaxMatrixCols=\count289
\dotsspace@=\muskip17
\c@parentequation=\count290
\dspbrk@lvl=\count291
\tag@help=\toks18
\row@=\count292
\column@=\count293
\maxfields@=\count294
\andhelp@=\toks19
\eqnshift@=\dimen152
\alignsep@=\dimen153
\tagshift@=\dimen154
\tagwidth@=\dimen155
\totwidth@=\dimen156
\lineht@=\dimen157
\@envbody=\toks20
\multlinegap=\skip52
\multlinetaggap=\skip53
\mathdisplay@stack=\toks21
LaTeX Info: Redefining \[ on input line 2949.
LaTeX Info: Redefining \] on input line 2950.
) (c:/ProgramData/TinyTeX/texmf-dist/tex/latex/amsfonts/amssymb.sty
Package: amssymb 2013/01/14 v3.01 AMS font symbols
(c:/ProgramData/TinyTeX/texmf-dist/tex/latex/amsfonts/amsfonts.sty
=======
\c@MaxMatrixCols=\count292
\dotsspace@=\muskip17
\c@parentequation=\count293
\dspbrk@lvl=\count294
\tag@help=\toks20
\row@=\count295
\column@=\count296
\maxfields@=\count297
\andhelp@=\toks21
\eqnshift@=\dimen160
\alignsep@=\dimen161
\tagshift@=\dimen162
\tagwidth@=\dimen163
\totwidth@=\dimen164
\lineht@=\dimen165
\@envbody=\toks22
\multlinegap=\skip52
\multlinetaggap=\skip53
\mathdisplay@stack=\toks23
LaTeX Info: Redefining \[ on input line 2950.
LaTeX Info: Redefining \] on input line 2951.
) (c:/Users/vande/AppData/Roaming/TinyTeX/texmf-dist/tex/latex/amsfonts/amssymb.sty
Package: amssymb 2013/01/14 v3.01 AMS font symbols
(c:/Users/vande/AppData/Roaming/TinyTeX/texmf-dist/tex/latex/amsfonts/amsfonts.sty
>>>>>>> 139122043fbd0253721321c9a9a158da4f7a89b8
Package: amsfonts 2013/01/14 v3.01 Basic AMSFonts support
\symAMSa=\mathgroup4
\symAMSb=\mathgroup5
LaTeX Font Info:    Redeclaring math symbol \hbar on input line 98.
LaTeX Font Info:    Overwriting math alphabet `\mathfrak' in version `bold'
(Font)                  U/euf/m/n --> U/euf/b/n on input line 106.
<<<<<<< HEAD
)) (c:/ProgramData/TinyTeX/texmf-dist/tex/generic/iftex/iftex.sty
Package: iftex 2024/12/12 v1.0g TeX engine tests
) (c:/ProgramData/TinyTeX/texmf-dist/tex/latex/base/fontenc.sty
Package: fontenc 2024/12/21 v2.1c Standard LaTeX package
) (c:/ProgramData/TinyTeX/texmf-dist/tex/latex/base/inputenc.sty
Package: inputenc 2024/02/08 v1.3d Input encoding file
\inpenc@prehook=\toks22
\inpenc@posthook=\toks23
) (c:/ProgramData/TinyTeX/texmf-dist/tex/latex/base/textcomp.sty
Package: textcomp 2024/04/24 v2.1b Standard LaTeX package
) (c:/ProgramData/TinyTeX/texmf-dist/tex/latex/lm/lmodern.sty
=======
)) (c:/Users/vande/AppData/Roaming/TinyTeX/texmf-dist/tex/latex/base/fontenc.sty
Package: fontenc 2025/07/18 v2.1d Standard LaTeX package
) (c:/Users/vande/AppData/Roaming/TinyTeX/texmf-dist/tex/latex/base/inputenc.sty
Package: inputenc 2024/02/08 v1.3d Input encoding file
\inpenc@prehook=\toks24
\inpenc@posthook=\toks25
) (c:/Users/vande/AppData/Roaming/TinyTeX/texmf-dist/tex/latex/base/textcomp.sty
Package: textcomp 2024/04/24 v2.1b Standard LaTeX package
) (c:/Users/vande/AppData/Roaming/TinyTeX/texmf-dist/tex/latex/lm/lmodern.sty
>>>>>>> 139122043fbd0253721321c9a9a158da4f7a89b8
Package: lmodern 2015/05/01 v1.6.1 Latin Modern Fonts
LaTeX Font Info:    Overwriting symbol font `operators' in version `normal'
(Font)                  OT1/cmr/m/n --> OT1/lmr/m/n on input line 22.
LaTeX Font Info:    Overwriting symbol font `letters' in version `normal'
(Font)                  OML/cmm/m/it --> OML/lmm/m/it on input line 23.
LaTeX Font Info:    Overwriting symbol font `symbols' in version `normal'
(Font)                  OMS/cmsy/m/n --> OMS/lmsy/m/n on input line 24.
LaTeX Font Info:    Overwriting symbol font `largesymbols' in version `normal'
(Font)                  OMX/cmex/m/n --> OMX/lmex/m/n on input line 25.
LaTeX Font Info:    Overwriting symbol font `operators' in version `bold'
(Font)                  OT1/cmr/bx/n --> OT1/lmr/bx/n on input line 26.
LaTeX Font Info:    Overwriting symbol font `letters' in version `bold'
(Font)                  OML/cmm/b/it --> OML/lmm/b/it on input line 27.
LaTeX Font Info:    Overwriting symbol font `symbols' in version `bold'
(Font)                  OMS/cmsy/b/n --> OMS/lmsy/b/n on input line 28.
LaTeX Font Info:    Overwriting symbol font `largesymbols' in version `bold'
(Font)                  OMX/cmex/m/n --> OMX/lmex/m/n on input line 29.
LaTeX Font Info:    Overwriting math alphabet `\mathbf' in version `normal'
(Font)                  OT1/cmr/bx/n --> OT1/lmr/bx/n on input line 31.
LaTeX Font Info:    Overwriting math alphabet `\mathsf' in version `normal'
(Font)                  OT1/cmss/m/n --> OT1/lmss/m/n on input line 32.
LaTeX Font Info:    Overwriting math alphabet `\mathit' in version `normal'
(Font)                  OT1/cmr/m/it --> OT1/lmr/m/it on input line 33.
LaTeX Font Info:    Overwriting math alphabet `\mathtt' in version `normal'
(Font)                  OT1/cmtt/m/n --> OT1/lmtt/m/n on input line 34.
LaTeX Font Info:    Overwriting math alphabet `\mathbf' in version `bold'
(Font)                  OT1/cmr/bx/n --> OT1/lmr/bx/n on input line 35.
LaTeX Font Info:    Overwriting math alphabet `\mathsf' in version `bold'
(Font)                  OT1/cmss/bx/n --> OT1/lmss/bx/n on input line 36.
LaTeX Font Info:    Overwriting math alphabet `\mathit' in version `bold'
(Font)                  OT1/cmr/bx/it --> OT1/lmr/bx/it on input line 37.
LaTeX Font Info:    Overwriting math alphabet `\mathtt' in version `bold'
(Font)                  OT1/cmtt/m/n --> OT1/lmtt/m/n on input line 38.
<<<<<<< HEAD
) (c:/ProgramData/TinyTeX/texmf-dist/tex/latex/xcolor/xcolor.sty
Package: xcolor 2024/09/29 v3.02 LaTeX color extensions (UK)
(c:/ProgramData/TinyTeX/texmf-dist/tex/latex/graphics-cfg/color.cfg
File: color.cfg 2016/01/02 v1.6 sample color configuration
)
Package xcolor Info: Driver file: pdftex.def on input line 274.
(c:/ProgramData/TinyTeX/texmf-dist/tex/latex/graphics-def/pdftex.def
File: pdftex.def 2024/04/13 v1.2c Graphics/color driver for pdftex
) (c:/ProgramData/TinyTeX/texmf-dist/tex/latex/graphics/mathcolor.ltx)
Package xcolor Info: Model `cmy' substituted by `cmy0' on input line 1349.
Package xcolor Info: Model `hsb' substituted by `rgb' on input line 1353.
Package xcolor Info: Model `RGB' extended on input line 1365.
Package xcolor Info: Model `HTML' substituted by `rgb' on input line 1367.
Package xcolor Info: Model `Hsb' substituted by `hsb' on input line 1368.
Package xcolor Info: Model `tHsb' substituted by `hsb' on input line 1369.
Package xcolor Info: Model `HSB' substituted by `hsb' on input line 1370.
Package xcolor Info: Model `Gray' substituted by `gray' on input line 1371.
Package xcolor Info: Model `wave' substituted by `hsb' on input line 1372.
) (c:/ProgramData/TinyTeX/texmf-dist/tex/latex/geometry/geometry.sty
Package: geometry 2020/01/02 v5.9 Page Geometry
(c:/ProgramData/TinyTeX/texmf-dist/tex/latex/graphics/keyval.sty
Package: keyval 2022/05/29 v1.15 key=value parser (DPC)
\KV@toks@=\toks24
) (c:/ProgramData/TinyTeX/texmf-dist/tex/generic/iftex/ifvtex.sty
Package: ifvtex 2019/10/25 v1.7 ifvtex legacy package. Use iftex instead.
)
\Gm@cnth=\count295
\Gm@cntv=\count296
\c@Gm@tempcnt=\count297
\Gm@bindingoffset=\dimen158
\Gm@wd@mp=\dimen159
\Gm@odd@mp=\dimen160
\Gm@even@mp=\dimen161
\Gm@layoutwidth=\dimen162
\Gm@layoutheight=\dimen163
\Gm@layouthoffset=\dimen164
\Gm@layoutvoffset=\dimen165
\Gm@dimlist=\toks25
) (c:/ProgramData/TinyTeX/texmf-dist/tex/latex/fancyvrb/fancyvrb.sty
=======
) (c:/Users/vande/AppData/Roaming/TinyTeX/texmf-dist/tex/latex/fancyvrb/fancyvrb.sty
>>>>>>> 139122043fbd0253721321c9a9a158da4f7a89b8
Package: fancyvrb 2025/07/28 4.6 verbatim text (tvz,hv)
\FV@CodeLineNo=\count298
\FV@InFile=\read2
\FV@TabBox=\box55
\c@FancyVerbLine=\count299
\FV@StepNumber=\count300
\FV@OutFile=\write3
<<<<<<< HEAD
) (c:/ProgramData/TinyTeX/texmf-dist/tex/latex/framed/framed.sty
=======
) (c:/Users/vande/AppData/Roaming/TinyTeX/texmf-dist/tex/latex/framed/framed.sty
>>>>>>> 139122043fbd0253721321c9a9a158da4f7a89b8
Package: framed 2011/10/22 v 0.96: framed or shaded text with page breaks
\OuterFrameSep=\skip54
\fb@frw=\dimen166
\fb@frh=\dimen167
\FrameRule=\dimen168
\FrameSep=\dimen169
<<<<<<< HEAD
) (c:/ProgramData/TinyTeX/texmf-dist/tex/latex/tools/longtable.sty
Package: longtable 2024-12-18 v4.23 Multi-page Table package (DPC)
=======
) (c:/Users/vande/AppData/Roaming/TinyTeX/texmf-dist/tex/latex/tools/longtable.sty
Package: longtable 2025-10-13 v4.24 Multi-page Table package (DPC)
>>>>>>> 139122043fbd0253721321c9a9a158da4f7a89b8
\LTleft=\skip55
\LTright=\skip56
\LTpre=\skip57
\LTpost=\skip58
\LTchunksize=\count301
\LTcapwidth=\dimen170
\LT@head=\box56
\LT@firsthead=\box57
\LT@foot=\box58
\LT@lastfoot=\box59
\LT@gbox=\box60
\LT@cols=\count302
\LT@rows=\count303
\c@LT@tables=\count304
\c@LT@chunks=\count305
\LT@p@ftn=\toks26
<<<<<<< HEAD
) (c:/ProgramData/TinyTeX/texmf-dist/tex/latex/booktabs/booktabs.sty
=======
) (c:/Users/vande/AppData/Roaming/TinyTeX/texmf-dist/tex/latex/booktabs/booktabs.sty
>>>>>>> 139122043fbd0253721321c9a9a158da4f7a89b8
Package: booktabs 2020/01/12 v1.61803398 Publication quality tables
\heavyrulewidth=\dimen171
\lightrulewidth=\dimen172
\cmidrulewidth=\dimen173
\belowrulesep=\dimen174
\belowbottomsep=\dimen175
\aboverulesep=\dimen176
\abovetopsep=\dimen177
\cmidrulesep=\dimen178
\cmidrulekern=\dimen179
\defaultaddspace=\dimen180
\@cmidla=\count306
\@cmidlb=\count307
\@aboverulesep=\dimen181
\@belowrulesep=\dimen182
\@thisruleclass=\count308
\@lastruleclass=\count309
\@thisrulewidth=\dimen183
<<<<<<< HEAD
) (c:/ProgramData/TinyTeX/texmf-dist/tex/latex/tools/array.sty
Package: array 2025/06/08 v2.6j Tabular extension package (FMi)
=======
) (c:/Users/vande/AppData/Roaming/TinyTeX/texmf-dist/tex/latex/tools/array.sty
Package: array 2025/09/25 v2.6n Tabular extension package (FMi)
>>>>>>> 139122043fbd0253721321c9a9a158da4f7a89b8
\col@sep=\dimen184
\ar@mcellbox=\box61
\extrarowheight=\dimen185
\NC@list=\toks27
\extratabsurround=\skip59
\backup@length=\skip60
\ar@cellbox=\box62
<<<<<<< HEAD
) (c:/ProgramData/TinyTeX/texmf-dist/tex/latex/tools/calc.sty
=======
) (c:/Users/vande/AppData/Roaming/TinyTeX/texmf-dist/tex/latex/tools/calc.sty
>>>>>>> 139122043fbd0253721321c9a9a158da4f7a89b8
Package: calc 2025/03/01 v4.3b Infix arithmetic (KKT,FJ)
\calc@Acount=\count310
\calc@Bcount=\count311
\calc@Adimen=\dimen186
\calc@Bdimen=\dimen187
\calc@Askip=\skip61
\calc@Bskip=\skip62
LaTeX Info: Redefining \setlength on input line 86.
LaTeX Info: Redefining \addtolength on input line 87.
\calc@Ccount=\count312
\calc@Cskip=\skip63
<<<<<<< HEAD
) (c:/ProgramData/TinyTeX/texmf-dist/tex/latex/etoolbox/etoolbox.sty
Package: etoolbox 2025/02/11 v2.5l e-TeX tools for LaTeX (JAW)
\etb@tempcnta=\count313
) (c:/ProgramData/TinyTeX/texmf-dist/tex/latex/mdwtools/footnote.sty
Package: footnote 1997/01/28 1.13 Save footnotes around boxes
\fn@notes=\box63
\fn@width=\dimen188
) (c:/ProgramData/TinyTeX/texmf-dist/tex/latex/graphics/graphicx.sty
Package: graphicx 2024/12/31 v1.2e Enhanced LaTeX Graphics (DPC,SPQR)
(c:/ProgramData/TinyTeX/texmf-dist/tex/latex/graphics/graphics.sty
Package: graphics 2024/08/06 v1.4g Standard LaTeX Graphics (DPC,SPQR)
(c:/ProgramData/TinyTeX/texmf-dist/tex/latex/graphics/trig.sty
Package: trig 2023/12/02 v1.11 sin cos tan (DPC)
) (c:/ProgramData/TinyTeX/texmf-dist/tex/latex/graphics-cfg/graphics.cfg
=======
) (c:/Users/vande/AppData/Roaming/TinyTeX/texmf-dist/tex/latex/etoolbox/etoolbox.sty
Package: etoolbox 2025/10/02 v2.5m e-TeX tools for LaTeX (JAW)
\etb@tempcnta=\count313
) (c:/Users/vande/AppData/Roaming/TinyTeX/texmf-dist/tex/latex/mdwtools/footnote.sty
Package: footnote 1997/01/28 1.13 Save footnotes around boxes
\fn@notes=\box63
\fn@width=\dimen188
) (c:/Users/vande/AppData/Roaming/TinyTeX/texmf-dist/tex/latex/graphics/graphicx.sty
Package: graphicx 2024/12/31 v1.2e Enhanced LaTeX Graphics (DPC,SPQR)
(c:/Users/vande/AppData/Roaming/TinyTeX/texmf-dist/tex/latex/graphics/graphics.sty
Package: graphics 2024/08/06 v1.4g Standard LaTeX Graphics (DPC,SPQR)
(c:/Users/vande/AppData/Roaming/TinyTeX/texmf-dist/tex/latex/graphics/trig.sty
Package: trig 2023/12/02 v1.11 sin cos tan (DPC)
) (c:/Users/vande/AppData/Roaming/TinyTeX/texmf-dist/tex/latex/graphics-cfg/graphics.cfg
>>>>>>> 139122043fbd0253721321c9a9a158da4f7a89b8
File: graphics.cfg 2016/06/04 v1.11 sample graphics configuration
)
Package graphics Info: Driver file: pdftex.def on input line 106.
)
\Gin@req@height=\dimen189
\Gin@req@width=\dimen190
<<<<<<< HEAD
) (c:/ProgramData/TinyTeX/texmf-dist/tex/latex/bookmark/bookmark.sty
Package: bookmark 2023-12-10 v1.31 PDF bookmarks (HO)
(c:/ProgramData/TinyTeX/texmf-dist/tex/latex/hyperref/hyperref.sty
Package: hyperref 2025-07-12 v7.01o Hypertext links for LaTeX
(c:/ProgramData/TinyTeX/texmf-dist/tex/latex/kvsetkeys/kvsetkeys.sty
Package: kvsetkeys 2022-10-05 v1.19 Key value parser (HO)
) (c:/ProgramData/TinyTeX/texmf-dist/tex/generic/kvdefinekeys/kvdefinekeys.sty
Package: kvdefinekeys 2019-12-19 v1.6 Define keys (HO)
) (c:/ProgramData/TinyTeX/texmf-dist/tex/generic/pdfescape/pdfescape.sty
Package: pdfescape 2019/12/09 v1.15 Implements pdfTeX's escape features (HO)
(c:/ProgramData/TinyTeX/texmf-dist/tex/generic/ltxcmds/ltxcmds.sty
Package: ltxcmds 2023-12-04 v1.26 LaTeX kernel commands for general use (HO)
) (c:/ProgramData/TinyTeX/texmf-dist/tex/generic/pdftexcmds/pdftexcmds.sty
Package: pdftexcmds 2020-06-27 v0.33 Utility functions of pdfTeX for LuaTeX (HO)
(c:/ProgramData/TinyTeX/texmf-dist/tex/generic/infwarerr/infwarerr.sty
=======
)
\pandoc@box=\box64
(c:/Users/vande/AppData/Roaming/TinyTeX/texmf-dist/tex/latex/bookmark/bookmark.sty
Package: bookmark 2023-12-10 v1.31 PDF bookmarks (HO)
(c:/Users/vande/AppData/Roaming/TinyTeX/texmf-dist/tex/latex/hyperref/hyperref.sty
Package: hyperref 2025-07-12 v7.01o Hypertext links for LaTeX
(c:/Users/vande/AppData/Roaming/TinyTeX/texmf-dist/tex/latex/kvsetkeys/kvsetkeys.sty
Package: kvsetkeys 2022-10-05 v1.19 Key value parser (HO)
) (c:/Users/vande/AppData/Roaming/TinyTeX/texmf-dist/tex/generic/kvdefinekeys/kvdefinekeys.sty
Package: kvdefinekeys 2019-12-19 v1.6 Define keys (HO)
) (c:/Users/vande/AppData/Roaming/TinyTeX/texmf-dist/tex/generic/pdfescape/pdfescape.sty
Package: pdfescape 2019/12/09 v1.15 Implements pdfTeX's escape features (HO)
(c:/Users/vande/AppData/Roaming/TinyTeX/texmf-dist/tex/generic/ltxcmds/ltxcmds.sty
Package: ltxcmds 2023-12-04 v1.26 LaTeX kernel commands for general use (HO)
) (c:/Users/vande/AppData/Roaming/TinyTeX/texmf-dist/tex/generic/pdftexcmds/pdftexcmds.sty
Package: pdftexcmds 2020-06-27 v0.33 Utility functions of pdfTeX for LuaTeX (HO)
(c:/Users/vande/AppData/Roaming/TinyTeX/texmf-dist/tex/generic/infwarerr/infwarerr.sty
>>>>>>> 139122043fbd0253721321c9a9a158da4f7a89b8
Package: infwarerr 2019/12/03 v1.5 Providing info/warning/error messages (HO)
)
Package pdftexcmds Info: \pdf@primitive is available.
Package pdftexcmds Info: \pdf@ifprimitive is available.
Package pdftexcmds Info: \pdfdraftmode found.
<<<<<<< HEAD
)) (c:/ProgramData/TinyTeX/texmf-dist/tex/latex/hycolor/hycolor.sty
Package: hycolor 2020-01-27 v1.10 Color options for hyperref/bookmark (HO)
) (c:/ProgramData/TinyTeX/texmf-dist/tex/latex/hyperref/nameref.sty
Package: nameref 2025-06-21 v2.57 Cross-referencing by name of section
(c:/ProgramData/TinyTeX/texmf-dist/tex/latex/refcount/refcount.sty
Package: refcount 2019/12/15 v3.6 Data extraction from label references (HO)
) (c:/ProgramData/TinyTeX/texmf-dist/tex/generic/gettitlestring/gettitlestring.sty
Package: gettitlestring 2019/12/15 v1.6 Cleanup title references (HO)
(c:/ProgramData/TinyTeX/texmf-dist/tex/latex/kvoptions/kvoptions.sty
Package: kvoptions 2022-06-15 v3.15 Key value format for package options (HO)
))
\c@section@level=\count314
) (c:/ProgramData/TinyTeX/texmf-dist/tex/generic/stringenc/stringenc.sty
=======
)) (c:/Users/vande/AppData/Roaming/TinyTeX/texmf-dist/tex/latex/hycolor/hycolor.sty
Package: hycolor 2020-01-27 v1.10 Color options for hyperref/bookmark (HO)
) (c:/Users/vande/AppData/Roaming/TinyTeX/texmf-dist/tex/latex/hyperref/nameref.sty
Package: nameref 2025-06-21 v2.57 Cross-referencing by name of section
(c:/Users/vande/AppData/Roaming/TinyTeX/texmf-dist/tex/latex/refcount/refcount.sty
Package: refcount 2019/12/15 v3.6 Data extraction from label references (HO)
) (c:/Users/vande/AppData/Roaming/TinyTeX/texmf-dist/tex/generic/gettitlestring/gettitlestring.sty
Package: gettitlestring 2019/12/15 v1.6 Cleanup title references (HO)
(c:/Users/vande/AppData/Roaming/TinyTeX/texmf-dist/tex/latex/kvoptions/kvoptions.sty
Package: kvoptions 2022-06-15 v3.15 Key value format for package options (HO)
))
\c@section@level=\count314
) (c:/Users/vande/AppData/Roaming/TinyTeX/texmf-dist/tex/generic/stringenc/stringenc.sty
>>>>>>> 139122043fbd0253721321c9a9a158da4f7a89b8
Package: stringenc 2019/11/29 v1.12 Convert strings between diff. encodings (HO)
)
\@linkdim=\dimen191
\Hy@linkcounter=\count315
\Hy@pagecounter=\count316
<<<<<<< HEAD
(c:/ProgramData/TinyTeX/texmf-dist/tex/latex/hyperref/pd1enc.def
File: pd1enc.def 2025-07-12 v7.01o Hyperref: PDFDocEncoding definition (HO)
Now handling font encoding PD1 ...
... no UTF-8 mapping file for font encoding PD1
) (c:/ProgramData/TinyTeX/texmf-dist/tex/generic/intcalc/intcalc.sty
Package: intcalc 2019/12/15 v1.3 Expandable calculations with integers (HO)
)
\Hy@SavedSpaceFactor=\count317
(c:/ProgramData/TinyTeX/texmf-dist/tex/latex/hyperref/puenc.def
=======
(c:/Users/vande/AppData/Roaming/TinyTeX/texmf-dist/tex/latex/hyperref/pd1enc.def
File: pd1enc.def 2025-07-12 v7.01o Hyperref: PDFDocEncoding definition (HO)
Now handling font encoding PD1 ...
... no UTF-8 mapping file for font encoding PD1
) (c:/Users/vande/AppData/Roaming/TinyTeX/texmf-dist/tex/generic/intcalc/intcalc.sty
Package: intcalc 2019/12/15 v1.3 Expandable calculations with integers (HO)
)
\Hy@SavedSpaceFactor=\count317
(c:/Users/vande/AppData/Roaming/TinyTeX/texmf-dist/tex/latex/hyperref/puenc.def
>>>>>>> 139122043fbd0253721321c9a9a158da4f7a89b8
File: puenc.def 2025-07-12 v7.01o Hyperref: PDF Unicode definition (HO)
Now handling font encoding PU ...
... no UTF-8 mapping file for font encoding PU
)
Package hyperref Info: Option `unicode' set `true' on input line 4066.
Package hyperref Info: Hyper figures OFF on input line 4195.
Package hyperref Info: Link nesting OFF on input line 4200.
Package hyperref Info: Hyper index ON on input line 4203.
Package hyperref Info: Plain pages OFF on input line 4210.
Package hyperref Info: Backreferencing OFF on input line 4215.
Package hyperref Info: Implicit mode ON; LaTeX internals redefined.
Package hyperref Info: Bookmarks ON on input line 4462.
\c@Hy@tempcnt=\count318
<<<<<<< HEAD
(c:/ProgramData/TinyTeX/texmf-dist/tex/latex/url/url.sty
=======
(c:/Users/vande/AppData/Roaming/TinyTeX/texmf-dist/tex/latex/url/url.sty
>>>>>>> 139122043fbd0253721321c9a9a158da4f7a89b8
\Urlmuskip=\muskip18
Package: url 2013/09/16  ver 3.4  Verb mode for urls, etc.
)
LaTeX Info: Redefining \url on input line 4801.
\XeTeXLinkMargin=\dimen192
<<<<<<< HEAD
(c:/ProgramData/TinyTeX/texmf-dist/tex/generic/bitset/bitset.sty
Package: bitset 2019/12/09 v1.3 Handle bit-vector datatype (HO)
(c:/ProgramData/TinyTeX/texmf-dist/tex/generic/bigintcalc/bigintcalc.sty
=======
(c:/Users/vande/AppData/Roaming/TinyTeX/texmf-dist/tex/generic/bitset/bitset.sty
Package: bitset 2019/12/09 v1.3 Handle bit-vector datatype (HO)
(c:/Users/vande/AppData/Roaming/TinyTeX/texmf-dist/tex/generic/bigintcalc/bigintcalc.sty
>>>>>>> 139122043fbd0253721321c9a9a158da4f7a89b8
Package: bigintcalc 2019/12/15 v1.5 Expandable calculations on big integers (HO)
))
\Fld@menulength=\count319
\Field@Width=\dimen193
\Fld@charsize=\dimen194
Package hyperref Info: Hyper figures OFF on input line 6078.
Package hyperref Info: Link nesting OFF on input line 6083.
Package hyperref Info: Hyper index ON on input line 6086.
Package hyperref Info: backreferencing OFF on input line 6093.
Package hyperref Info: Link coloring OFF on input line 6098.
Package hyperref Info: Link coloring with OCG OFF on input line 6103.
Package hyperref Info: PDF/A mode OFF on input line 6108.
\Hy@abspage=\count320
\c@Item=\count321
\c@Hfootnote=\count322
)
Package hyperref Info: Driver (autodetected): hpdftex.
<<<<<<< HEAD
(c:/ProgramData/TinyTeX/texmf-dist/tex/latex/hyperref/hpdftex.def
File: hpdftex.def 2025-07-12 v7.01o Hyperref driver for pdfTeX
\Fld@listcount=\count323
\c@bookmark@seq@number=\count324
(c:/ProgramData/TinyTeX/texmf-dist/tex/latex/rerunfilecheck/rerunfilecheck.sty
Package: rerunfilecheck 2025-06-21 v1.11 Rerun checks for auxiliary files (HO)
(c:/ProgramData/TinyTeX/texmf-dist/tex/generic/uniquecounter/uniquecounter.sty
=======
(c:/Users/vande/AppData/Roaming/TinyTeX/texmf-dist/tex/latex/hyperref/hpdftex.def
File: hpdftex.def 2025-07-12 v7.01o Hyperref driver for pdfTeX
\Fld@listcount=\count323
\c@bookmark@seq@number=\count324
(c:/Users/vande/AppData/Roaming/TinyTeX/texmf-dist/tex/latex/rerunfilecheck/rerunfilecheck.sty
Package: rerunfilecheck 2025-06-21 v1.11 Rerun checks for auxiliary files (HO)
(c:/Users/vande/AppData/Roaming/TinyTeX/texmf-dist/tex/generic/uniquecounter/uniquecounter.sty
>>>>>>> 139122043fbd0253721321c9a9a158da4f7a89b8
Package: uniquecounter 2019/12/15 v1.4 Provide unlimited unique counter (HO)
)
Package uniquecounter Info: New unique counter `rerunfilecheck' on input line 284.
)
\Hy@SectionHShift=\skip64
<<<<<<< HEAD
) (c:/ProgramData/TinyTeX/texmf-dist/tex/latex/bookmark/bkm-pdftex.def
File: bkm-pdftex.def 2023-12-10 v1.31 bookmark driver for pdfTeX and luaTeX (HO)
\BKM@id=\count325
))
LaTeX Font Info:    Trying to load font information for T1+lmr on input line 123.
(c:/ProgramData/TinyTeX/texmf-dist/tex/latex/lm/t1lmr.fd
File: t1lmr.fd 2015/05/01 v1.6.1 Font defs for Latin Modern
) (c:/ProgramData/TinyTeX/texmf-dist/tex/latex/l3backend/l3backend-pdftex.def
File: l3backend-pdftex.def 2025-06-09 L3 backend support: PDF output (pdfTeX)
=======
) (c:/Users/vande/AppData/Roaming/TinyTeX/texmf-dist/tex/latex/bookmark/bkm-pdftex.def
File: bkm-pdftex.def 2023-12-10 v1.31 bookmark driver for pdfTeX and luaTeX (HO)
\BKM@id=\count325
))
LaTeX Font Info:    Trying to load font information for T1+lmr on input line 121.
(c:/Users/vande/AppData/Roaming/TinyTeX/texmf-dist/tex/latex/lm/t1lmr.fd
File: t1lmr.fd 2015/05/01 v1.6.1 Font defs for Latin Modern
) (c:/Users/vande/AppData/Roaming/TinyTeX/texmf-dist/tex/latex/l3backend/l3backend-pdftex.def
File: l3backend-pdftex.def 2025-10-09 L3 backend support: PDF output (pdfTeX)
>>>>>>> 139122043fbd0253721321c9a9a158da4f7a89b8
\l__color_backend_stack_int=\count326
) (./TextDoc.aux)
\openout1 = `TextDoc.aux'.

<<<<<<< HEAD
LaTeX Font Info:    Checking defaults for OML/cmm/m/it on input line 123.
LaTeX Font Info:    ... okay on input line 123.
LaTeX Font Info:    Checking defaults for OMS/cmsy/m/n on input line 123.
LaTeX Font Info:    ... okay on input line 123.
LaTeX Font Info:    Checking defaults for OT1/cmr/m/n on input line 123.
LaTeX Font Info:    ... okay on input line 123.
LaTeX Font Info:    Checking defaults for T1/cmr/m/n on input line 123.
LaTeX Font Info:    ... okay on input line 123.
LaTeX Font Info:    Checking defaults for TS1/cmr/m/n on input line 123.
LaTeX Font Info:    ... okay on input line 123.
LaTeX Font Info:    Checking defaults for OMX/cmex/m/n on input line 123.
LaTeX Font Info:    ... okay on input line 123.
LaTeX Font Info:    Checking defaults for U/cmr/m/n on input line 123.
LaTeX Font Info:    ... okay on input line 123.
LaTeX Font Info:    Checking defaults for PD1/pdf/m/n on input line 123.
LaTeX Font Info:    ... okay on input line 123.
LaTeX Font Info:    Checking defaults for PU/pdf/m/n on input line 123.
LaTeX Font Info:    ... okay on input line 123.
(c:/ProgramData/TinyTeX/texmf-dist/tex/latex/epstopdf-pkg/epstopdf-base.sty
Package: epstopdf-base 2020-01-24 v2.11 Base part for package epstopdf
Package epstopdf-base Info: Redefining graphics rule for `.eps' on input line 485.
(c:/ProgramData/TinyTeX/texmf-dist/tex/latex/latexconfig/epstopdf-sys.cfg
=======
LaTeX Font Info:    Checking defaults for OML/cmm/m/it on input line 121.
LaTeX Font Info:    ... okay on input line 121.
LaTeX Font Info:    Checking defaults for OMS/cmsy/m/n on input line 121.
LaTeX Font Info:    ... okay on input line 121.
LaTeX Font Info:    Checking defaults for OT1/cmr/m/n on input line 121.
LaTeX Font Info:    ... okay on input line 121.
LaTeX Font Info:    Checking defaults for T1/cmr/m/n on input line 121.
LaTeX Font Info:    ... okay on input line 121.
LaTeX Font Info:    Checking defaults for TS1/cmr/m/n on input line 121.
LaTeX Font Info:    ... okay on input line 121.
LaTeX Font Info:    Checking defaults for OMX/cmex/m/n on input line 121.
LaTeX Font Info:    ... okay on input line 121.
LaTeX Font Info:    Checking defaults for U/cmr/m/n on input line 121.
LaTeX Font Info:    ... okay on input line 121.
LaTeX Font Info:    Checking defaults for PD1/pdf/m/n on input line 121.
LaTeX Font Info:    ... okay on input line 121.
LaTeX Font Info:    Checking defaults for PU/pdf/m/n on input line 121.
LaTeX Font Info:    ... okay on input line 121.
(c:/Users/vande/AppData/Roaming/TinyTeX/texmf-dist/tex/latex/epstopdf-pkg/epstopdf-base.sty
Package: epstopdf-base 2020-01-24 v2.11 Base part for package epstopdf
Package epstopdf-base Info: Redefining graphics rule for `.eps' on input line 485.
(c:/Users/vande/AppData/Roaming/TinyTeX/texmf-dist/tex/latex/latexconfig/epstopdf-sys.cfg
>>>>>>> 139122043fbd0253721321c9a9a158da4f7a89b8
File: epstopdf-sys.cfg 2010/07/13 v1.3 Configuration of (r)epstopdf for TeX Live
))
*geometry* driver: auto-detecting
*geometry* detected driver: pdftex
*geometry* verbose mode - [ preamble ] result:
* driver: pdftex
* paper: <default>
* layout: <same size as paper>
* layoutoffset:(h,v)=(0.0pt,0.0pt)
* modes: 
* h-part:(L,W,R)=(72.26999pt, 469.75502pt, 72.26999pt)
* v-part:(T,H,B)=(72.26999pt, 650.43001pt, 72.26999pt)
* \paperwidth=614.295pt
* \paperheight=794.96999pt
* \textwidth=469.75502pt
* \textheight=650.43001pt
* \oddsidemargin=0.0pt
* \evensidemargin=0.0pt
* \topmargin=-37.0pt
* \headheight=12.0pt
* \headsep=25.0pt
* \topskip=10.0pt
* \footskip=30.0pt
* \marginparwidth=65.0pt
* \marginparsep=11.0pt
* \columnsep=10.0pt
* \skip\footins=9.0pt plus 4.0pt minus 2.0pt
* \hoffset=0.0pt
* \voffset=0.0pt
* \mag=1000
* \@twocolumnfalse
* \@twosidefalse
* \@mparswitchfalse
* \@reversemarginfalse
* (1in=72.27pt=25.4mm, 1cm=28.453pt)

<<<<<<< HEAD
Package hyperref Info: Link coloring OFF on input line 123.
LaTeX Font Info:    Trying to load font information for OT1+lmr on input line 125.
(c:/ProgramData/TinyTeX/texmf-dist/tex/latex/lm/ot1lmr.fd
File: ot1lmr.fd 2015/05/01 v1.6.1 Font defs for Latin Modern
)
LaTeX Font Info:    Trying to load font information for OML+lmm on input line 125.
(c:/ProgramData/TinyTeX/texmf-dist/tex/latex/lm/omllmm.fd
File: omllmm.fd 2015/05/01 v1.6.1 Font defs for Latin Modern
)
LaTeX Font Info:    Trying to load font information for OMS+lmsy on input line 125.
(c:/ProgramData/TinyTeX/texmf-dist/tex/latex/lm/omslmsy.fd
File: omslmsy.fd 2015/05/01 v1.6.1 Font defs for Latin Modern
)
LaTeX Font Info:    Trying to load font information for OMX+lmex on input line 125.
(c:/ProgramData/TinyTeX/texmf-dist/tex/latex/lm/omxlmex.fd
File: omxlmex.fd 2015/05/01 v1.6.1 Font defs for Latin Modern
)
LaTeX Font Info:    External font `lmex10' loaded for size
(Font)              <12> on input line 125.
LaTeX Font Info:    External font `lmex10' loaded for size
(Font)              <8> on input line 125.
LaTeX Font Info:    External font `lmex10' loaded for size
(Font)              <6> on input line 125.
LaTeX Font Info:    Trying to load font information for U+msa on input line 125.
(c:/ProgramData/TinyTeX/texmf-dist/tex/latex/amsfonts/umsa.fd
File: umsa.fd 2013/01/14 v3.01 AMS symbols A
)
LaTeX Font Info:    Trying to load font information for U+msb on input line 125.
(c:/ProgramData/TinyTeX/texmf-dist/tex/latex/amsfonts/umsb.fd
File: umsb.fd 2013/01/14 v3.01 AMS symbols B
)

[1

{c:/ProgramData/TinyTeX/texmf-var/fonts/map/pdftex/updmap/pdftex.map}{c:/ProgramData/TinyTeX/texmf-dist/fonts/enc/dvips/lm/lm-ec.enc}]
LaTeX Font Info:    External font `lmex10' loaded for size
(Font)              <10> on input line 167.
LaTeX Font Info:    External font `lmex10' loaded for size
(Font)              <7> on input line 167.
LaTeX Font Info:    External font `lmex10' loaded for size
(Font)              <5> on input line 167.

LaTeX Warning: Reference `fig:scattersforpop' on page 2 undefined on input line 173.



[2{c:/ProgramData/TinyTeX/texmf-dist/fonts/enc/dvips/lm/lm-mathit.enc}{c:/ProgramData/TinyTeX/texmf-dist/fonts/enc/dvips/lm/lm-rm.enc}{c:/ProgramData/TinyTeX/texmf-dist/fonts/enc/dvips/lm/lm-mathsy.enc}]
Overfull \hbox (11.28162pt too wide) detected at line 204
[][]
 []



[3]

[4]

[5]

[6]
LaTeX Font Info:    External font `lmex10' loaded for size
(Font)              <14.4> on input line 314.
<TextDoc_files/figure-latex/first_boxplots-1.pdf, id=87, 578.16pt x 433.62pt>
File: TextDoc_files/figure-latex/first_boxplots-1.pdf Graphic file (type pdf)
<use TextDoc_files/figure-latex/first_boxplots-1.pdf>
Package pdftex.def Info: TextDoc_files/figure-latex/first_boxplots-1.pdf  used on input line 331.
(pdftex.def)             Requested size: 469.75385pt x 352.31538pt.
<TextDoc_files/figure-latex/first_boxplots-2.pdf, id=88, 578.16pt x 433.62pt>
File: TextDoc_files/figure-latex/first_boxplots-2.pdf Graphic file (type pdf)
<use TextDoc_files/figure-latex/first_boxplots-2.pdf>
Package pdftex.def Info: TextDoc_files/figure-latex/first_boxplots-2.pdf  used on input line 331.
(pdftex.def)             Requested size: 469.75385pt x 352.31538pt.
<TextDoc_files/figure-latex/first_boxplots-3.pdf, id=89, 578.16pt x 433.62pt>
File: TextDoc_files/figure-latex/first_boxplots-3.pdf Graphic file (type pdf)
<use TextDoc_files/figure-latex/first_boxplots-3.pdf>
Package pdftex.def Info: TextDoc_files/figure-latex/first_boxplots-3.pdf  used on input line 331.
(pdftex.def)             Requested size: 469.75385pt x 352.31538pt.

Underfull \hbox (badness 10000) in paragraph at lines 331--332
=======
Package hyperref Info: Link coloring OFF on input line 121.
LaTeX Font Info:    Trying to load font information for OT1+lmr on input line 123.
(c:/Users/vande/AppData/Roaming/TinyTeX/texmf-dist/tex/latex/lm/ot1lmr.fd
File: ot1lmr.fd 2015/05/01 v1.6.1 Font defs for Latin Modern
)
LaTeX Font Info:    Trying to load font information for OML+lmm on input line 123.
(c:/Users/vande/AppData/Roaming/TinyTeX/texmf-dist/tex/latex/lm/omllmm.fd
File: omllmm.fd 2015/05/01 v1.6.1 Font defs for Latin Modern
)
LaTeX Font Info:    Trying to load font information for OMS+lmsy on input line 123.
(c:/Users/vande/AppData/Roaming/TinyTeX/texmf-dist/tex/latex/lm/omslmsy.fd
File: omslmsy.fd 2015/05/01 v1.6.1 Font defs for Latin Modern
)
LaTeX Font Info:    Trying to load font information for OMX+lmex on input line 123.
(c:/Users/vande/AppData/Roaming/TinyTeX/texmf-dist/tex/latex/lm/omxlmex.fd
File: omxlmex.fd 2015/05/01 v1.6.1 Font defs for Latin Modern
)
LaTeX Font Info:    External font `lmex10' loaded for size
(Font)              <12> on input line 123.
LaTeX Font Info:    External font `lmex10' loaded for size
(Font)              <8> on input line 123.
LaTeX Font Info:    External font `lmex10' loaded for size
(Font)              <6> on input line 123.
LaTeX Font Info:    Trying to load font information for U+msa on input line 123.
(c:/Users/vande/AppData/Roaming/TinyTeX/texmf-dist/tex/latex/amsfonts/umsa.fd
File: umsa.fd 2013/01/14 v3.01 AMS symbols A
)
LaTeX Font Info:    Trying to load font information for U+msb on input line 123.
(c:/Users/vande/AppData/Roaming/TinyTeX/texmf-dist/tex/latex/amsfonts/umsb.fd
File: umsb.fd 2013/01/14 v3.01 AMS symbols B
) [1

{c:/Users/vande/AppData/Roaming/TinyTeX/texmf-var/fonts/map/pdftex/updmap/pdftex.map}{c:/Users/vande/AppData/Roaming/TinyTeX/texmf-dist/fonts/enc/dvips/lm/lm-ec.enc}]
LaTeX Font Info:    External font `lmex10' loaded for size
(Font)              <10> on input line 160.
LaTeX Font Info:    External font `lmex10' loaded for size
(Font)              <7> on input line 160.
LaTeX Font Info:    External font `lmex10' loaded for size
(Font)              <5> on input line 160.

LaTeX Warning: Reference `fig:scattersforpop' on page 2 undefined on input line 166.

[2{c:/Users/vande/AppData/Roaming/TinyTeX/texmf-dist/fonts/enc/dvips/lm/lm-mathit.enc}{c:/Users/vande/AppData/Roaming/TinyTeX/texmf-dist/fonts/enc/dvips/lm/lm-rm.enc}{c:/Users/vande/AppData/Roaming/TinyTeX/texmf-dist/fonts/enc/dvips/lm/lm-mathsy.enc}]
Overfull \hbox (100.75876pt too wide) detected at line 194
[][]
 []

[3] [4] [5] [6]
LaTeX Font Info:    External font `lmex10' loaded for size
(Font)              <14.4> on input line 288.
<TextDoc_files/figure-latex/first_boxplots-1.pdf, id=67, 578.16pt x 433.62pt>
File: TextDoc_files/figure-latex/first_boxplots-1.pdf Graphic file (type pdf)
<use TextDoc_files/figure-latex/first_boxplots-1.pdf>
Package pdftex.def Info: TextDoc_files/figure-latex/first_boxplots-1.pdf  used on input line 300.
(pdftex.def)             Requested size: 578.15858pt x 433.61894pt.
<TextDoc_files/figure-latex/first_boxplots-2.pdf, id=68, 578.16pt x 433.62pt>
File: TextDoc_files/figure-latex/first_boxplots-2.pdf Graphic file (type pdf)
<use TextDoc_files/figure-latex/first_boxplots-2.pdf>
Package pdftex.def Info: TextDoc_files/figure-latex/first_boxplots-2.pdf  used on input line 300.
(pdftex.def)             Requested size: 578.15858pt x 433.61894pt.
<TextDoc_files/figure-latex/first_boxplots-3.pdf, id=69, 578.16pt x 433.62pt>
File: TextDoc_files/figure-latex/first_boxplots-3.pdf Graphic file (type pdf)
<use TextDoc_files/figure-latex/first_boxplots-3.pdf>
Package pdftex.def Info: TextDoc_files/figure-latex/first_boxplots-3.pdf  used on input line 300.
(pdftex.def)             Requested size: 578.15858pt x 433.61894pt.

Underfull \hbox (badness 10000) in paragraph at lines 300--301
>>>>>>> 139122043fbd0253721321c9a9a158da4f7a89b8
[]
 []


<<<<<<< HEAD
Underfull \hbox (badness 10000) in paragraph at lines 331--332
[]
 []



[7]
Overfull \vbox (249.47224pt too high) has occurred while \output is active []



[8 <./TextDoc_files/figure-latex/first_boxplots-1.pdf> <./TextDoc_files/figure-latex/first_boxplots-2.pdf>]
<TextDoc_files/figure-latex/comparison boxplots-1.pdf, id=129, 578.16pt x 433.62pt>
File: TextDoc_files/figure-latex/comparison boxplots-1.pdf Graphic file (type pdf)
<use TextDoc_files/figure-latex/comparison boxplots-1.pdf>
Package pdftex.def Info: TextDoc_files/figure-latex/comparison boxplots-1.pdf  used on input line 333.
(pdftex.def)             Requested size: 469.75385pt x 352.31538pt.
<TextDoc_files/figure-latex/comparison boxplots-2.pdf, id=130, 578.16pt x 433.62pt>
File: TextDoc_files/figure-latex/comparison boxplots-2.pdf Graphic file (type pdf)
<use TextDoc_files/figure-latex/comparison boxplots-2.pdf>
Package pdftex.def Info: TextDoc_files/figure-latex/comparison boxplots-2.pdf  used on input line 333.
(pdftex.def)             Requested size: 469.75385pt x 352.31538pt.
<TextDoc_files/figure-latex/comparison boxplots-3.pdf, id=131, 578.16pt x 433.62pt>
File: TextDoc_files/figure-latex/comparison boxplots-3.pdf Graphic file (type pdf)
<use TextDoc_files/figure-latex/comparison boxplots-3.pdf>
Package pdftex.def Info: TextDoc_files/figure-latex/comparison boxplots-3.pdf  used on input line 333.
(pdftex.def)             Requested size: 469.75385pt x 352.31538pt.

Underfull \hbox (badness 10000) in paragraph at lines 333--334
=======
Underfull \hbox (badness 10000) in paragraph at lines 300--301
[]
 []

[7]
Overfull \vbox (249.47224pt too high) has occurred while \output is active []

[8 <./TextDoc_files/figure-latex/first_boxplots-1.pdf> <./TextDoc_files/figure-latex/first_boxplots-2.pdf>]
<TextDoc_files/figure-latex/comparison boxplots-1.pdf, id=100, 578.16pt x 433.62pt>
File: TextDoc_files/figure-latex/comparison boxplots-1.pdf Graphic file (type pdf)
<use TextDoc_files/figure-latex/comparison boxplots-1.pdf>
Package pdftex.def Info: TextDoc_files/figure-latex/comparison boxplots-1.pdf  used on input line 302.
(pdftex.def)             Requested size: 578.15858pt x 433.61894pt.
<TextDoc_files/figure-latex/comparison boxplots-2.pdf, id=101, 578.16pt x 433.62pt>
File: TextDoc_files/figure-latex/comparison boxplots-2.pdf Graphic file (type pdf)
<use TextDoc_files/figure-latex/comparison boxplots-2.pdf>
Package pdftex.def Info: TextDoc_files/figure-latex/comparison boxplots-2.pdf  used on input line 302.
(pdftex.def)             Requested size: 578.15858pt x 433.61894pt.
<TextDoc_files/figure-latex/comparison boxplots-3.pdf, id=102, 578.16pt x 433.62pt>
File: TextDoc_files/figure-latex/comparison boxplots-3.pdf Graphic file (type pdf)
<use TextDoc_files/figure-latex/comparison boxplots-3.pdf>
Package pdftex.def Info: TextDoc_files/figure-latex/comparison boxplots-3.pdf  used on input line 302.
(pdftex.def)             Requested size: 578.15858pt x 433.61894pt.

Underfull \hbox (badness 10000) in paragraph at lines 302--303
>>>>>>> 139122043fbd0253721321c9a9a158da4f7a89b8
[][]
 []


<<<<<<< HEAD
Underfull \hbox (badness 10000) in paragraph at lines 333--334
[]
 []



[9 <./TextDoc_files/figure-latex/first_boxplots-3.pdf>]

[10 <./TextDoc_files/figure-latex/comparison boxplots-1.pdf>]

[11 <./TextDoc_files/figure-latex/comparison boxplots-2.pdf>]
<TextDoc_files/figure-latex/scatters_descriptives-1.pdf, id=163, 578.16pt x 722.7pt>
File: TextDoc_files/figure-latex/scatters_descriptives-1.pdf Graphic file (type pdf)
<use TextDoc_files/figure-latex/scatters_descriptives-1.pdf>
Package pdftex.def Info: TextDoc_files/figure-latex/scatters_descriptives-1.pdf  used on input line 339.
(pdftex.def)             Requested size: 469.75385pt x 587.1923pt.
<TextDoc_files/figure-latex/scatters_descriptives-2.pdf, id=164, 578.16pt x 722.7pt>
File: TextDoc_files/figure-latex/scatters_descriptives-2.pdf Graphic file (type pdf)
<use TextDoc_files/figure-latex/scatters_descriptives-2.pdf>
Package pdftex.def Info: TextDoc_files/figure-latex/scatters_descriptives-2.pdf  used on input line 339.
(pdftex.def)             Requested size: 469.75385pt x 587.1923pt.

Underfull \hbox (badness 10000) in paragraph at lines 339--340
[][]
 []



[12 <./TextDoc_files/figure-latex/comparison boxplots-3.pdf>]

[13 <./TextDoc_files/figure-latex/scatters_descriptives-1.pdf>]
<TextDoc_files/figure-latex/scattersforpop-1.pdf, id=189, 578.16pt x 722.7pt>
File: TextDoc_files/figure-latex/scattersforpop-1.pdf Graphic file (type pdf)
<use TextDoc_files/figure-latex/scattersforpop-1.pdf>
Package pdftex.def Info: TextDoc_files/figure-latex/scattersforpop-1.pdf  used on input line 343.
(pdftex.def)             Requested size: 469.75385pt x 587.1923pt.


[14 <./TextDoc_files/figure-latex/scatters_descriptives-2.pdf>]

[15 <./TextDoc_files/figure-latex/scattersforpop-1.pdf>]
LaTeX Font Info:    Trying to load font information for T1+lmtt on input line 371.
(c:/ProgramData/TinyTeX/texmf-dist/tex/latex/lm/t1lmtt.fd
File: t1lmtt.fd 2015/05/01 v1.6.1 Font defs for Latin Modern
)
LaTeX Font Info:    Font shape `T1/lmtt/bx/n' in size <10> not available
(Font)              Font shape `T1/lmtt/b/n' tried instead on input line 372.
LaTeX Font Info:    Trying to load font information for TS1+lmtt on input line 419.
(c:/ProgramData/TinyTeX/texmf-dist/tex/latex/lm/ts1lmtt.fd
=======
Underfull \hbox (badness 10000) in paragraph at lines 302--303
[]
 []

[9 <./TextDoc_files/figure-latex/first_boxplots-3.pdf>] [10 <./TextDoc_files/figure-latex/comparison boxplots-1.pdf>] [11 <./TextDoc_files/figure-latex/comparison boxplots-2.pdf>]
<TextDoc_files/figure-latex/scatters_descriptives-1.pdf, id=133, 578.16pt x 722.7pt>
File: TextDoc_files/figure-latex/scatters_descriptives-1.pdf Graphic file (type pdf)
<use TextDoc_files/figure-latex/scatters_descriptives-1.pdf>
Package pdftex.def Info: TextDoc_files/figure-latex/scatters_descriptives-1.pdf  used on input line 308.
(pdftex.def)             Requested size: 578.15858pt x 722.69823pt.
<TextDoc_files/figure-latex/scatters_descriptives-2.pdf, id=134, 578.16pt x 722.7pt>
File: TextDoc_files/figure-latex/scatters_descriptives-2.pdf Graphic file (type pdf)
<use TextDoc_files/figure-latex/scatters_descriptives-2.pdf>
Package pdftex.def Info: TextDoc_files/figure-latex/scatters_descriptives-2.pdf  used on input line 308.
(pdftex.def)             Requested size: 578.15858pt x 722.69823pt.

Underfull \hbox (badness 10000) in paragraph at lines 308--309
[][]
 []

[12 <./TextDoc_files/figure-latex/comparison boxplots-3.pdf>] [13 <./TextDoc_files/figure-latex/scatters_descriptives-1.pdf>]
<TextDoc_files/figure-latex/scattersforpop-1.pdf, id=160, 578.16pt x 722.7pt>
File: TextDoc_files/figure-latex/scattersforpop-1.pdf Graphic file (type pdf)
<use TextDoc_files/figure-latex/scattersforpop-1.pdf>
Package pdftex.def Info: TextDoc_files/figure-latex/scattersforpop-1.pdf  used on input line 312.
(pdftex.def)             Requested size: 578.15858pt x 722.69823pt.
[14 <./TextDoc_files/figure-latex/scatters_descriptives-2.pdf>] [15 <./TextDoc_files/figure-latex/scattersforpop-1.pdf>]
LaTeX Font Info:    Trying to load font information for T1+lmtt on input line 336.
(c:/Users/vande/AppData/Roaming/TinyTeX/texmf-dist/tex/latex/lm/t1lmtt.fd
File: t1lmtt.fd 2015/05/01 v1.6.1 Font defs for Latin Modern
)
LaTeX Font Info:    Font shape `T1/lmtt/bx/n' in size <10> not available
(Font)              Font shape `T1/lmtt/b/n' tried instead on input line 337.
LaTeX Font Info:    Trying to load font information for TS1+lmtt on input line 384.
(c:/Users/vande/AppData/Roaming/TinyTeX/texmf-dist/tex/latex/lm/ts1lmtt.fd
>>>>>>> 139122043fbd0253721321c9a9a158da4f7a89b8
File: ts1lmtt.fd 2015/05/01 v1.6.1 Font defs for Latin Modern
)

LaTeX Font Warning: Font shape `T1/lmtt/bx/it' in size <10> not available
<<<<<<< HEAD
(Font)              Font shape `T1/lmtt/b/sl' tried instead on input line 998.



[16]
Underfull \vbox (badness 10000) detected at line 1345
 []


Underfull \vbox (badness 10000) detected at line 1345
 []



[17{c:/ProgramData/TinyTeX/texmf-dist/fonts/enc/dvips/lm/lm-ts1.enc}]
Underfull \vbox (badness 10000) detected at line 1345
 []


Underfull \vbox (badness 10000) detected at line 1345
 []



[18]
Underfull \vbox (badness 10000) detected at line 1345
 []


Underfull \vbox (badness 10000) detected at line 1345
 []



[19]
Underfull \vbox (badness 10000) detected at line 1345
 []


Underfull \vbox (badness 10000) detected at line 1345
 []



[20]
Underfull \vbox (badness 10000) detected at line 1345
 []


Underfull \vbox (badness 10000) detected at line 1345
 []



[21]
Underfull \vbox (badness 10000) detected at line 1345
 []


Underfull \vbox (badness 10000) detected at line 1345
 []



[22]
Underfull \vbox (badness 10000) detected at line 1345
 []


Underfull \vbox (badness 10000) detected at line 1345
 []



[23]
Underfull \vbox (badness 10000) detected at line 1345
 []


Underfull \vbox (badness 10000) detected at line 1345
 []



[24]
Underfull \vbox (badness 10000) detected at line 1345
 []


Underfull \vbox (badness 10000) detected at line 1345
 []



[25]
Underfull \vbox (badness 10000) detected at line 1345
 []


Underfull \vbox (badness 10000) detected at line 1345
 []



[26]
Underfull \vbox (badness 10000) detected at line 1345
 []


Underfull \vbox (badness 10000) detected at line 1345
 []



[27]
Underfull \vbox (badness 10000) detected at line 1345
 []


Underfull \vbox (badness 10000) detected at line 1345
 []



[28]
Underfull \vbox (badness 10000) detected at line 1345
 []


Underfull \vbox (badness 10000) detected at line 1345
 []



[29]
Underfull \vbox (badness 10000) detected at line 1345
 []


Underfull \vbox (badness 10000) detected at line 1345
 []



[30]
Underfull \vbox (badness 10000) detected at line 1345
 []


Underfull \vbox (badness 10000) detected at line 1345
 []



[31]
Underfull \vbox (badness 10000) detected at line 1345
 []


Underfull \vbox (badness 10000) detected at line 1345
 []



[32]
Underfull \vbox (badness 10000) detected at line 1345
 []


Underfull \vbox (badness 10000) detected at line 1345
 []



[33]

[34] (./TextDoc.aux)
 ***********
LaTeX2e <2025-06-01> patch level 1
L3 programming layer <2025-09-02>
=======
(Font)              Font shape `T1/lmtt/b/sl' tried instead on input line 963.

[16]
Underfull \vbox (badness 10000) detected at line 1310
 []


Underfull \vbox (badness 10000) detected at line 1310
 []

[17{c:/Users/vande/AppData/Roaming/TinyTeX/texmf-dist/fonts/enc/dvips/lm/lm-ts1.enc}]
Underfull \vbox (badness 10000) detected at line 1310
 []


Underfull \vbox (badness 10000) detected at line 1310
 []

[18]
Underfull \vbox (badness 10000) detected at line 1310
 []


Underfull \vbox (badness 10000) detected at line 1310
 []

[19]
Underfull \vbox (badness 10000) detected at line 1310
 []


Underfull \vbox (badness 10000) detected at line 1310
 []

[20]
Underfull \vbox (badness 10000) detected at line 1310
 []


Underfull \vbox (badness 10000) detected at line 1310
 []

[21]
Underfull \vbox (badness 10000) detected at line 1310
 []


Underfull \vbox (badness 10000) detected at line 1310
 []

[22]
Underfull \vbox (badness 10000) detected at line 1310
 []


Underfull \vbox (badness 10000) detected at line 1310
 []

[23]
Underfull \vbox (badness 10000) detected at line 1310
 []


Underfull \vbox (badness 10000) detected at line 1310
 []

[24]
Underfull \vbox (badness 10000) detected at line 1310
 []


Underfull \vbox (badness 10000) detected at line 1310
 []

[25]
Underfull \vbox (badness 10000) detected at line 1310
 []


Underfull \vbox (badness 10000) detected at line 1310
 []

[26]
Underfull \vbox (badness 10000) detected at line 1310
 []


Underfull \vbox (badness 10000) detected at line 1310
 []

[27]
Underfull \vbox (badness 10000) detected at line 1310
 []


Underfull \vbox (badness 10000) detected at line 1310
 []

[28]
Underfull \vbox (badness 10000) detected at line 1310
 []


Underfull \vbox (badness 10000) detected at line 1310
 []

[29]
Underfull \vbox (badness 10000) detected at line 1310
 []


Underfull \vbox (badness 10000) detected at line 1310
 []

[30]
Underfull \vbox (badness 10000) detected at line 1310
 []


Underfull \vbox (badness 10000) detected at line 1310
 []

[31]
Underfull \vbox (badness 10000) detected at line 1310
 []


Underfull \vbox (badness 10000) detected at line 1310
 []

[32]
Underfull \vbox (badness 10000) detected at line 1310
 []


Underfull \vbox (badness 10000) detected at line 1310
 []

[33] [34] (./TextDoc.aux)
 ***********
LaTeX2e <2025-11-01>
L3 programming layer <2025-10-24>
>>>>>>> 139122043fbd0253721321c9a9a158da4f7a89b8
 ***********

LaTeX Warning: There were undefined references.

 ) 
Here is how much of TeX's memory you used:
<<<<<<< HEAD
 12169 strings out of 469778
 187733 string characters out of 5479961
 799902 words of memory out of 5000000
 40261 multiletter control sequences out of 15000+600000
 692978 words of font info for 93 fonts, out of 8000000 for 9000
 14 hyphenation exceptions out of 8191
 89i,9n,93p,1749b,483s stack positions out of 10000i,1000n,20000p,200000b,200000s
<c:/ProgramData/TinyTeX/texmf-dist/fonts/type1/public/lm/lmbx10.pfb><c:/ProgramData/TinyTeX/texmf-dist/fonts/type1/public/lm/lmbx12.pfb><c:/ProgramData/TinyTeX/texmf-dist/fonts/type1/public/lm/lmbxi10.pfb><c:/ProgramData/TinyTeX/texmf-dist/fonts/type1/public/lm/lmmi10.pfb><c:/ProgramData/TinyTeX/texmf-dist/fonts/type1/public/lm/lmmi7.pfb><c:/ProgramData/TinyTeX/texmf-dist/fonts/type1/public/lm/lmr10.pfb><c:/ProgramData/TinyTeX/texmf-dist/fonts/type1/public/lm/lmr12.pfb><c:/ProgramData/TinyTeX/texmf-dist/fonts/type1/public/lm/lmr17.pfb><c:/ProgramData/TinyTeX/texmf-dist/fonts/type1/public/lm/lmr7.pfb><c:/ProgramData/TinyTeX/texmf-dist/fonts/type1/public/lm/lmri10.pfb><c:/ProgramData/TinyTeX/texmf-dist/fonts/type1/public/lm/lmsy10.pfb><c:/ProgramData/TinyTeX/texmf-dist/fonts/type1/public/lm/lmsy7.pfb><c:/ProgramData/TinyTeX/texmf-dist/fonts/type1/public/lm/lmtk10.pfb><c:/ProgramData/TinyTeX/texmf-dist/fonts/type1/public/lm/lmtko10.pfb><c:/ProgramData/TinyTeX/texmf-dist/fonts/type1/public/lm/lmtt10.pfb><c:/ProgramData/TinyTeX/texmf-dist/fonts/type1/public/lm/lmtti10.pfb>
Output written on TextDoc.pdf (34 pages, 4196174 bytes).
PDF statistics:
 495 PDF objects out of 1000 (max. 8388607)
 402 compressed objects within 5 object streams
 103 named destinations out of 1000 (max. 500000)
=======
 12150 strings out of 469519
 190102 string characters out of 5467704
 803456 words of memory out of 5000000
 40532 multiletter control sequences out of 15000+600000
 693874 words of font info for 93 fonts, out of 8000000 for 9000
 14 hyphenation exceptions out of 8191
 89i,9n,93p,1612b,487s stack positions out of 10000i,1000n,20000p,200000b,200000s
<c:/Users/vande/AppData/Roaming/TinyTeX/texmf-dist/fonts/type1/public/lm/lmbx10.pfb><c:/Users/vande/AppData/Roaming/TinyTeX/texmf-dist/fonts/type1/public/lm/lmbx12.pfb><c:/Users/vande/AppData/Roaming/TinyTeX/texmf-dist/fonts/type1/public/lm/lmbxi10.pfb><c:/Users/vande/AppData/Roaming/TinyTeX/texmf-dist/fonts/type1/public/lm/lmmi10.pfb><c:/Users/vande/AppData/Roaming/TinyTeX/texmf-dist/fonts/type1/public/lm/lmmi7.pfb><c:/Users/vande/AppData/Roaming/TinyTeX/texmf-dist/fonts/type1/public/lm/lmr10.pfb><c:/Users/vande/AppData/Roaming/TinyTeX/texmf-dist/fonts/type1/public/lm/lmr12.pfb><c:/Users/vande/AppData/Roaming/TinyTeX/texmf-dist/fonts/type1/public/lm/lmr17.pfb><c:/Users/vande/AppData/Roaming/TinyTeX/texmf-dist/fonts/type1/public/lm/lmr7.pfb><c:/Users/vande/AppData/Roaming/TinyTeX/texmf-dist/fonts/type1/public/lm/lmri10.pfb><c:/Users/vande/AppData/Roaming/TinyTeX/texmf-dist/fonts/type1/public/lm/lmsy10.pfb><c:/Users/vande/AppData/Roaming/TinyTeX/texmf-dist/fonts/type1/public/lm/lmsy7.pfb><c:/Users/vande/AppData/Roaming/TinyTeX/texmf-dist/fonts/type1/public/lm/lmtk10.pfb><c:/Users/vande/AppData/Roaming/TinyTeX/texmf-dist/fonts/type1/public/lm/lmtko10.pfb><c:/Users/vande/AppData/Roaming/TinyTeX/texmf-dist/fonts/type1/public/lm/lmtt10.pfb><c:/Users/vande/AppData/Roaming/TinyTeX/texmf-dist/fonts/type1/public/lm/lmtti10.pfb>
Output written on TextDoc.pdf (34 pages, 4196230 bytes).
PDF statistics:
 454 PDF objects out of 1000 (max. 8388607)
 362 compressed objects within 4 object streams
 70 named destinations out of 1000 (max. 500000)
>>>>>>> 139122043fbd0253721321c9a9a158da4f7a89b8
 270 words of extra memory for PDF output out of 10000 (max. 10000000)

